  console.log
    [dotenv@17.3.1] injecting env (3) from .env -- tip: ΓÜÖ∩╕Å  write to custom object with { processEnv: myObject }

      at _log (node_modules/dotenv/lib/main.js:139:11)

npx : 
At line:1 char:1
+ npx jest __tests__/r
outes/central.test.js 
--verbose --forceExit 
2>&1  ...
+ ~~~~~~~~~~~~~~~~~~~~
~~~~~~~~~~~~~~~~~~~~~~
~~~~~~~~~~~~~~~~~~~~~~
~~~~~
    + CategoryInfo    
          : NotSpeci  
  fied: (:String) [   
 ], RemoteExceptio    
n
    + FullyQualifiedE 
   rrorId : NativeCo  
  mmandError
 
  ΓùÅ  Cannot log 
after tests are done. 
Did you forget to 
wait for something 
async in your test?
    Attempted to log 
"≡ƒÜÇ Dikky Kas API 
running at http://loca
lhost:3000".

    [0m [90m 72 
|[39m     
[36mconst[39m 
[33mPORT[39m 
[33m=[39m process[3
3m.[39menv[33m.[39m
[33mPORT[39m 
[33m||[39m [35m3000
[39m[33m;[39m
     [90m 73 |[39m  
   app[33m.[39mliste
n([33mPORT[39m[33m,
[39m () [33m=>[39m 
{
    [31m[1m>[22m[3
9m[90m 74 |[39m     
    console[33m.[39m
log([32m`≡ƒÜÇ Dikky 
Kas API running at htt
p://localhost:${PORT}`
[39m)[33m;[39m
     [90m    |[39m  
               
[31m[1m^[22m[39m
     [90m 75 |[39m  
       console[33m.[
39mlog([32m`≡ƒôï 
Health: http://localho
st:${PORT}/api/health`
[39m)[33m;[39m
     [90m 76 |[39m  
       console[33m.[
39mlog([32m`≡ƒöæ 
Login:  POST http://lo
calhost:${PORT}/api/v1
/auth/login`[39m)[33
m;[39m
     [90m 77 |[39m  
   })[33m;[39m[0m

      at console.log (
node_modules/@jest/con
sole/build/index.js:31
1:10)
      at Server.log 
(api/index.js:74:17)
      at Server.f (nod
e_modules/once/once.js
:25:25)


  ΓùÅ  Cannot log 
after tests are done. 
Did you forget to 
wait for something 
async in your test?
    Attempted to log 
"≡ƒôï Health: http://l
ocalhost:3000/api/heal
th".

    [0m [90m 73 
|[39m     app[33m.[
39mlisten([33mPORT[3
9m[33m,[39m () 
[33m=>[39m {
     [90m 74 |[39m  
       console[33m.[
39mlog([32m`≡ƒÜÇ 
Dikky Kas API running 
at http://localhost:${
PORT}`[39m)[33m;[39
m
    [31m[1m>[22m[3
9m[90m 75 |[39m     
    console[33m.[39m
log([32m`≡ƒôï 
Health: http://localho
st:${PORT}/api/health`
[39m)[33m;[39m
     [90m    |[39m  
               
[31m[1m^[22m[39m
     [90m 76 |[39m  
       console[33m.[
39mlog([32m`≡ƒöæ 
Login:  POST http://lo
calhost:${PORT}/api/v1
/auth/login`[39m)[33
m;[39m
     [90m 77 |[39m  
   })[33m;[39m
     [90m 78 |[39m 
}[0m

      at console.log (
node_modules/@jest/con
sole/build/index.js:31
1:10)
      at Server.log 
(api/index.js:75:17)
      at Server.f (nod
e_modules/once/once.js
:25:25)


  ΓùÅ  Cannot log 
after tests are done. 
Did you forget to 
wait for something 
async in your test?
    Attempted to log 
"≡ƒöæ Login:  POST htt
p://localhost:3000/api
/v1/auth/login".

    [0m [90m 74 
|[39m         console
[33m.[39mlog([32m`≡
ƒÜÇ Dikky Kas API 
running at http://loca
lhost:${PORT}`[39m)[
33m;[39m
     [90m 75 |[39m  
       console[33m.[
39mlog([32m`≡ƒôï 
Health: http://localho
st:${PORT}/api/health`
[39m)[33m;[39m
    [31m[1m>[22m[3
9m[90m 76 |[39m     
    console[33m.[39m
log([32m`≡ƒöæ Login: 
 POST http://localhost
:${PORT}/api/v1/auth/l
ogin`[39m)[33m;[39m
     [90m    |[39m  
               
[31m[1m^[22m[39m
     [90m 77 |[39m  
   })[33m;[39m
     [90m 78 |[39m }
     [90m 79 
|[39m[0m

      at console.log (
node_modules/@jest/con
sole/build/index.js:31
1:10)
      at Server.log 
(api/index.js:76:17)
      at Server.f (nod
e_modules/once/once.js
:25:25)

FAIL __tests__/routes/
central.test.js
  Central Balance 
Routes
    GET /api/v1/centra
l/accounts
      ├ù should 
return existing 
accounts (2 ms)
      ├ù should 
auto-initialize 
defaults when no 
accounts exist (1 ms)
      ├ù should 
return 401 without 
auth (1 ms)
    POST /api/v1/centr
al/movements
      ├ù should 
record EXPENSE and 
decrement account (1 
ms)
      ├ù should 
record INCOME and 
increment account (1 
ms)
      ├ù should 
record TRANSFER and 
update both accounts 
(1 ms)
      ├ù should 
return 400 for 
EXPENSE without 
account (1 ms)
      ├ù should 
return 400 for 
TRANSFER without 
fromAccount/toAccount
      ├ù should 
return 400 for 
invalid type
    GET /api/v1/centra
l/movements
      ├ù should 
return movements for 
date range (1 ms)
      ├ù should 
default to today when 
no dates provided (4 
ms)

  ΓùÅ Central Balance 
Routes ΓÇ║ GET /api/v1
/central/accounts ΓÇ║ 
should return 
existing accounts

    TypeError: Cannot 
read properties of 
undefined (reading 
'mockResolvedValue')

    [0m [90m 45 
|[39m     [90m// 
Restore default 
findMany to return 
[][39m
     [90m 46 |[39m  
   [36mfor[39m 
([36mconst[39m 
model [36mof[39m [3
3mObject[39m[33m.[3
9mvalues(mockPrisma)) 
{
    [31m[1m>[22m[3
9m[90m 47 |[39m     
    model[33m.[39mfi
ndMany[33m.[39mmockR
esolvedValue([])[33m;
[39m
     [90m    |[39m  
                      
[31m[1m^[22m[39m
     [90m 48 |[39m  
   }
     [90m 49 |[39m }
     [90m 50 
|[39m[0m

      at 
mockResolvedValue (__t
ests__/helpers/mockPri
sma.js:47:24)
      at 
Object.resetAllMocks (
__tests__/routes/centr
al.test.js:11:9)

  ΓùÅ Central Balance 
Routes ΓÇ║ GET /api/v1
/central/accounts ΓÇ║ 
should 
auto-initialize 
defaults when no 
accounts exist

    TypeError: Cannot 
read properties of 
undefined (reading 
'mockResolvedValue')

    [0m [90m 45 
|[39m     [90m// 
Restore default 
findMany to return 
[][39m
     [90m 46 |[39m  
   [36mfor[39m 
([36mconst[39m 
model [36mof[39m [3
3mObject[39m[33m.[3
9mvalues(mockPrisma)) 
{
    [31m[1m>[22m[3
9m[90m 47 |[39m     
    model[33m.[39mfi
ndMany[33m.[39mmockR
esolvedValue([])[33m;
[39m
     [90m    |[39m  
                      
[31m[1m^[22m[39m
     [90m 48 |[39m  
   }
     [90m 49 |[39m }
     [90m 50 
|[39m[0m

      at 
mockResolvedValue (__t
ests__/helpers/mockPri
sma.js:47:24)
      at 
Object.resetAllMocks (
__tests__/routes/centr
al.test.js:11:9)

  ΓùÅ Central Balance 
Routes ΓÇ║ GET /api/v1
/central/accounts ΓÇ║ 
should return 401 
without auth

    TypeError: Cannot 
read properties of 
undefined (reading 
'mockResolvedValue')

    [0m [90m 45 
|[39m     [90m// 
Restore default 
findMany to return 
[][39m
     [90m 46 |[39m  
   [36mfor[39m 
([36mconst[39m 
model [36mof[39m [3
3mObject[39m[33m.[3
9mvalues(mockPrisma)) 
{
    [31m[1m>[22m[3
9m[90m 47 |[39m     
    model[33m.[39mfi
ndMany[33m.[39mmockR
esolvedValue([])[33m;
[39m
     [90m    |[39m  
                      
[31m[1m^[22m[39m
     [90m 48 |[39m  
   }
     [90m 49 |[39m }
     [90m 50 
|[39m[0m

      at 
mockResolvedValue (__t
ests__/helpers/mockPri
sma.js:47:24)
      at 
Object.resetAllMocks (
__tests__/routes/centr
al.test.js:11:9)

  ΓùÅ Central Balance 
Routes ΓÇ║ POST /api/v
1/central/movements 
ΓÇ║ should record 
EXPENSE and decrement 
account

    TypeError: Cannot 
read properties of 
undefined (reading 
'mockResolvedValue')

    [0m [90m 45 
|[39m     [90m// 
Restore default 
findMany to return 
[][39m
     [90m 46 |[39m  
   [36mfor[39m 
([36mconst[39m 
model [36mof[39m [3
3mObject[39m[33m.[3
9mvalues(mockPrisma)) 
{
    [31m[1m>[22m[3
9m[90m 47 |[39m     
    model[33m.[39mfi
ndMany[33m.[39mmockR
esolvedValue([])[33m;
[39m
     [90m    |[39m  
                      
[31m[1m^[22m[39m
     [90m 48 |[39m  
   }
     [90m 49 |[39m }
     [90m 50 
|[39m[0m

      at 
mockResolvedValue (__t
ests__/helpers/mockPri
sma.js:47:24)
      at 
Object.resetAllMocks (
__tests__/routes/centr
al.test.js:11:9)

  ΓùÅ Central Balance 
Routes ΓÇ║ POST /api/v
1/central/movements 
ΓÇ║ should record 
INCOME and increment 
account

    TypeError: Cannot 
read properties of 
undefined (reading 
'mockResolvedValue')

    [0m [90m 45 
|[39m     [90m// 
Restore default 
findMany to return 
[][39m
     [90m 46 |[39m  
   [36mfor[39m 
([36mconst[39m 
model [36mof[39m [3
3mObject[39m[33m.[3
9mvalues(mockPrisma)) 
{
    [31m[1m>[22m[3
9m[90m 47 |[39m     
    model[33m.[39mfi
ndMany[33m.[39mmockR
esolvedValue([])[33m;
[39m
     [90m    |[39m  
                      
[31m[1m^[22m[39m
     [90m 48 |[39m  
   }
     [90m 49 |[39m }
     [90m 50 
|[39m[0m

      at 
mockResolvedValue (__t
ests__/helpers/mockPri
sma.js:47:24)
      at 
Object.resetAllMocks (
__tests__/routes/centr
al.test.js:11:9)

  ΓùÅ Central Balance 
Routes ΓÇ║ POST /api/v
1/central/movements 
ΓÇ║ should record 
TRANSFER and update 
both accounts

    TypeError: Cannot 
read properties of 
undefined (reading 
'mockResolvedValue')

    [0m [90m 45 
|[39m     [90m// 
Restore default 
findMany to return 
[][39m
     [90m 46 |[39m  
   [36mfor[39m 
([36mconst[39m 
model [36mof[39m [3
3mObject[39m[33m.[3
9mvalues(mockPrisma)) 
{
    [31m[1m>[22m[3
9m[90m 47 |[39m     
    model[33m.[39mfi
ndMany[33m.[39mmockR
esolvedValue([])[33m;
[39m
     [90m    |[39m  
                      
[31m[1m^[22m[39m
     [90m 48 |[39m  
   }
     [90m 49 |[39m }
     [90m 50 
|[39m[0m

      at 
mockResolvedValue (__t
ests__/helpers/mockPri
sma.js:47:24)
      at 
Object.resetAllMocks (
__tests__/routes/centr
al.test.js:11:9)

  ΓùÅ Central Balance 
Routes ΓÇ║ POST /api/v
1/central/movements 
ΓÇ║ should return 400 
for EXPENSE without 
account

    TypeError: Cannot 
read properties of 
undefined (reading 
'mockResolvedValue')

    [0m [90m 45 
|[39m     [90m// 
Restore default 
findMany to return 
[][39m
     [90m 46 |[39m  
   [36mfor[39m 
([36mconst[39m 
model [36mof[39m [3
3mObject[39m[33m.[3
9mvalues(mockPrisma)) 
{
    [31m[1m>[22m[3
9m[90m 47 |[39m     
    model[33m.[39mfi
ndMany[33m.[39mmockR
esolvedValue([])[33m;
[39m
     [90m    |[39m  
                      
[31m[1m^[22m[39m
     [90m 48 |[39m  
   }
     [90m 49 |[39m }
     [90m 50 
|[39m[0m

      at 
mockResolvedValue (__t
ests__/helpers/mockPri
sma.js:47:24)
      at 
Object.resetAllMocks (
__tests__/routes/centr
al.test.js:11:9)

  ΓùÅ Central Balance 
Routes ΓÇ║ POST /api/v
1/central/movements 
ΓÇ║ should return 400 
for TRANSFER without 
fromAccount/toAccount

    TypeError: Cannot 
read properties of 
undefined (reading 
'mockResolvedValue')

    [0m [90m 45 
|[39m     [90m// 
Restore default 
findMany to return 
[][39m
     [90m 46 |[39m  
   [36mfor[39m 
([36mconst[39m 
model [36mof[39m [3
3mObject[39m[33m.[3
9mvalues(mockPrisma)) 
{
    [31m[1m>[22m[3
9m[90m 47 |[39m     
    model[33m.[39mfi
ndMany[33m.[39mmockR
esolvedValue([])[33m;
[39m
     [90m    |[39m  
                      
[31m[1m^[22m[39m
     [90m 48 |[39m  
   }
     [90m 49 |[39m }
     [90m 50 
|[39m[0m

      at 
mockResolvedValue (__t
ests__/helpers/mockPri
sma.js:47:24)
      at 
Object.resetAllMocks (
__tests__/routes/centr
al.test.js:11:9)

  ΓùÅ Central Balance 
Routes ΓÇ║ POST /api/v
1/central/movements 
ΓÇ║ should return 400 
for invalid type

    TypeError: Cannot 
read properties of 
undefined (reading 
'mockResolvedValue')

    [0m [90m 45 
|[39m     [90m// 
Restore default 
findMany to return 
[][39m
     [90m 46 |[39m  
   [36mfor[39m 
([36mconst[39m 
model [36mof[39m [3
3mObject[39m[33m.[3
9mvalues(mockPrisma)) 
{
    [31m[1m>[22m[3
9m[90m 47 |[39m     
    model[33m.[39mfi
ndMany[33m.[39mmockR
esolvedValue([])[33m;
[39m
     [90m    |[39m  
                      
[31m[1m^[22m[39m
     [90m 48 |[39m  
   }
     [90m 49 |[39m }
     [90m 50 
|[39m[0m

      at 
mockResolvedValue (__t
ests__/helpers/mockPri
sma.js:47:24)
      at 
Object.resetAllMocks (
__tests__/routes/centr
al.test.js:11:9)

  ΓùÅ Central Balance 
Routes ΓÇ║ GET /api/v1
/central/movements 
ΓÇ║ should return 
movements for date 
range

    TypeError: Cannot 
read properties of 
undefined (reading 
'mockResolvedValue')

    [0m [90m 45 
|[39m     [90m// 
Restore default 
findMany to return 
[][39m
     [90m 46 |[39m  
   [36mfor[39m 
([36mconst[39m 
model [36mof[39m [3
3mObject[39m[33m.[3
9mvalues(mockPrisma)) 
{
    [31m[1m>[22m[3
9m[90m 47 |[39m     
    model[33m.[39mfi
ndMany[33m.[39mmockR
esolvedValue([])[33m;
[39m
     [90m    |[39m  
                      
[31m[1m^[22m[39m
     [90m 48 |[39m  
   }
     [90m 49 |[39m }
     [90m 50 
|[39m[0m

      at 
mockResolvedValue (__t
ests__/helpers/mockPri
sma.js:47:24)
      at 
Object.resetAllMocks (
__tests__/routes/centr
al.test.js:11:9)

  ΓùÅ Central Balance 
Routes ΓÇ║ GET /api/v1
/central/movements 
ΓÇ║ should default to 
today when no dates 
provided

    TypeError: Cannot 
read properties of 
undefined (reading 
'mockResolvedValue')

    [0m [90m 45 
|[39m     [90m// 
Restore default 
findMany to return 
[][39m
     [90m 46 |[39m  
   [36mfor[39m 
([36mconst[39m 
model [36mof[39m [3
3mObject[39m[33m.[3
9mvalues(mockPrisma)) 
{
    [31m[1m>[22m[3
9m[90m 47 |[39m     
    model[33m.[39mfi
ndMany[33m.[39mmockR
esolvedValue([])[33m;
[39m
     [90m    |[39m  
                      
[31m[1m^[22m[39m
     [90m 48 |[39m  
   }
     [90m 49 |[39m }
     [90m 50 
|[39m[0m

      at 
mockResolvedValue (__t
ests__/helpers/mockPri
sma.js:47:24)
      at 
Object.resetAllMocks (
__tests__/routes/centr
al.test.js:11:9)

Test Suites: 1 
failed, 1 total
Tests:       11 
failed, 11 total
Snapshots:   0 total
Time:        1.072 s
Ran all test suites 
matching __tests__/rou
tes/central.test.js.
Force exiting Jest: 
Have you considered 
using 
`--detectOpenHandles` 
to detect async 
operations that kept 
running after all 
tests finished?
